// Jest Snapshot v1, https://goo.gl/fbAQLP

exports[`Header Should render 1`] = `
<div>
  <header
    class="flex flex-col gap-1 bg-neutral-600 p-4 text-center text-white"
  >
    <h1
      class="text-3xl"
    >
      A Meeting Planner
    </h1>
    <h2>
      The boring way to plan your meetings
    </h2>
  </header>
</div>
`;
